// Jest Snapshot v1, https://goo.gl/fbAQLP

exports[`Single record view on service provider page renders correctly 1`] = `
Array [
  "// @ts-ignore",
  <div
    className="record-shared single-record-view background"
  >
    <div
      id="measure-svc-123"
      style={
        Object {
          "display": "inline-block",
          "position": "absolute",
          "visibility": "hidden",
          "zIndex": -1,
        }
      }
    />
    <a
      aria-label={null}
      className="d-none d-sm-block position-fixed go-back btn btn-"
      href="#/"
      onClick={[Function]}
    >
      <svg
        aria-hidden="true"
        className="svg-inline--fa fa-angle-left fa-w-8 "
        data-icon="angle-left"
        data-prefix="fas"
        focusable="false"
        role="img"
        style={Object {}}
        viewBox="0 0 256 512"
        xmlns="http://www.w3.org/2000/svg"
      >
        <path
          d="M31.7 239l136-136c9.4-9.4 24.6-9.4 33.9 0l22.6 22.6c9.4 9.4 9.4 24.6 0 33.9L127.9 256l96.4 96.4c9.4 9.4 9.4 24.6 0 33.9L201.7 409c-9.4 9.4-24.6 9.4-33.9 0l-136-136c-9.5-9.4-9.5-24.6-.1-34z"
          fill="currentColor"
          style={Object {}}
        />
      </svg>
       
      <span />
    </a>
    <div
      className="col-md-10 offset-md-1 col-lg-8 offset-lg-2"
    >
      <div
        className="section card"
      >
        <div
          className="card-title"
        >
          <div
            className="d-flex w-100 justify-content-between"
          >
            <div
              className="w-100"
            >
              <h3>
                <b
                  className="break-word"
                >
                  fakeName
                </b>
              </h3>
              <section
                className="services pt-2"
              />
            </div>
            <img
              alt="Organization"
              className="lazyload d-none d-sm-block mx-5"
              data-src={null}
              height={100}
            />
          </div>
        </div>
        <div
          className="p-0 border-top-0 card-body"
        >
          <section
            className="locations p-2"
            id="locations"
          />
        </div>
      </div>
      <div
        className="section card"
      >
        <div
          className="clickable card-title"
          onClick={[Function]}
        >
          <div
            className="d-flex justify-content-center align-items-center details-section-title"
          >
            <img
              alt="Organization"
              className="lazyload"
              data-src={null}
              height={25}
            />
             
            <span />
          </div>
          <svg
            aria-hidden="true"
            className="svg-inline--fa fa-angle-up fa-w-10 fa-lg "
            data-icon="angle-up"
            data-prefix="fas"
            focusable="false"
            role="img"
            style={Object {}}
            viewBox="0 0 320 512"
            xmlns="http://www.w3.org/2000/svg"
          >
            <path
              d="M177 159.7l136 136c9.4 9.4 9.4 24.6 0 33.9l-22.6 22.6c-9.4 9.4-24.6 9.4-33.9 0L160 255.9l-96.4 96.4c-9.4 9.4-24.6 9.4-33.9 0L7 329.7c-9.4-9.4-9.4-24.6 0-33.9l136-136c9.4-9.5 24.6-9.5 34-.1z"
              fill="currentColor"
              style={Object {}}
            />
          </svg>
        </div>
        <div
          className="collapse show"
          style={Object {}}
        >
          <div
            className="details organization p-0 card-body"
          >
            <section>
              <h6>
                <b>
                  <span />
                </b>
              </h6>
              <span
                className="break"
              >
                fakeDesc
              </span>
            </section>
            <section>
              <h6>
                <b>
                  <span />
                </b>
              </h6>
              <a
                className="text-break"
                href="fakeUrl"
                target="_blank"
              >
                fakeUrl
              </a>
            </section>
            <section>
              <h6>
                <b>
                  <span />
                </b>
              </h6>
              <span>
                fakeEmail
              </span>
            </section>
          </div>
        </div>
      </div>
    </div>
  </div>,
]
`;
